// Jest Snapshot v1, https://goo.gl/fbAQLP

exports[`should render expense list with empty message 1`] = `
<div>
  <p>
    No expenses to list
  </p>
</div>
`;

exports[`should render expense list with expenses 1`] = `
<div>
  <ExpenseListItem
    amount={100}
    createdAt={0}
    description="d"
    id="1"
    key="1"
    note=""
  />
  <ExpenseListItem
    amount={200}
    createdAt={-345600000}
    description="e"
    id="2"
    key="2"
    note=""
  />
  <ExpenseListItem
    amount={150}
    createdAt={345600000}
    description="e"
    id="3"
    key="3"
    note=""
  />
</div>
`;
