// Jest Snapshot v1, https://goo.gl/fbAQLP

exports[`should render ExpenseListItem correctly 1`] = `
<div>
  <Link
    replace={false}
    to="/edit/3"
  >
    <h3>
      e
    </h3>
  </Link>
  <p>
    $1.50
    -
    January 4th, 1970
  </p>
</div>
`;
